<?xml version="1.0" encoding="utf-8"?><testsuites><testsuite name="pytest" errors="0" failures="0" skipped="0" tests="31" time="0.854" timestamp="2026-05-16T14:00:07.783364" hostname="2c59e5a6d9ef"><testcase classname="tests.unit.test_domain_entities.TestPostCreation" name="test_create_valid_post" time="0.003" /><testcase classname="tests.unit.test_domain_entities.TestPostCreation" name="test_empty_content_raises" time="0.001" /><testcase classname="tests.unit.test_domain_entities.TestPostCreation" name="test_whitespace_only_content_raises" time="0.001" /><testcase classname="tests.unit.test_domain_entities.TestPostCreation" name="test_content_exceeds_280_chars_raises" time="0.001" /><testcase classname="tests.unit.test_domain_entities.TestPostCreation" name="test_exactly_280_chars_is_valid" time="0.001" /><testcase classname="tests.unit.test_domain_entities.TestPostCreation" name="test_reply_post_has_parent_id" time="0.001" /><testcase classname="tests.unit.test_domain_entities.TestPostLikes" name="test_increment_likes" time="0.001" /><testcase classname="tests.unit.test_domain_entities.TestPostLikes" name="test_decrement_likes" time="0.001" /><testcase classname="tests.unit.test_domain_entities.TestPostLikes" name="test_decrement_below_zero_raises" time="0.001" /><testcase classname="tests.unit.test_domain_entities.TestPostLikes" name="test_cannot_like_deleted_post" time="0.001" /><testcase classname="tests.unit.test_domain_entities.TestPostLifecycle" name="test_delete_post" time="0.001" /><testcase classname="tests.unit.test_domain_entities.TestPostLifecycle" name="test_double_delete_raises" time="0.001" /><testcase classname="tests.unit.test_domain_entities.TestPostLifecycle" name="test_edit_post" time="0.001" /><testcase classname="tests.unit.test_domain_entities.TestPostLifecycle" name="test_cannot_edit_deleted_post" time="0.001" /><testcase classname="tests.unit.test_domain_entities.TestEmailVO" name="test_valid_email" time="0.001" /><testcase classname="tests.unit.test_domain_entities.TestEmailVO" name="test_invalid_email_raises" time="0.001" /><testcase classname="tests.unit.test_domain_entities.TestEmailVO" name="test_email_is_immutable" time="0.001" /><testcase classname="tests.unit.test_domain_entities.TestUsernameVO" name="test_valid_username" time="0.001" /><testcase classname="tests.unit.test_domain_entities.TestUsernameVO" name="test_too_short_raises" time="0.001" /><testcase classname="tests.unit.test_domain_entities.TestUsernameVO" name="test_too_long_raises" time="0.001" /><testcase classname="tests.unit.test_domain_entities.TestUsernameVO" name="test_special_chars_raises" time="0.001" /><testcase classname="tests.unit.test_services.TestPostService" name="test_create_post_saves_and_returns_response" time="0.003" /><testcase classname="tests.unit.test_services.TestPostService" name="test_delete_own_post_succeeds" time="0.002" /><testcase classname="tests.unit.test_services.TestPostService" name="test_delete_other_users_post_raises_forbidden" time="0.004" /><testcase classname="tests.unit.test_services.TestPostService" name="test_like_post_increments_count" time="0.025" /><testcase classname="tests.unit.test_services.TestPostService" name="test_double_like_raises_domain_exception" time="0.024" /><testcase classname="tests.unit.test_services.TestPostService" name="test_get_nonexistent_post_raises_not_found" time="0.041" /><testcase classname="tests.unit.test_services.TestAuthService" name="test_register_creates_user_and_returns_tokens" time="0.019" /><testcase classname="tests.unit.test_services.TestAuthService" name="test_register_duplicate_email_raises_conflict" time="0.007" /><testcase classname="tests.unit.test_services.TestAuthService" name="test_login_wrong_password_raises_auth_error" time="0.005" /><testcase classname="tests.unit.test_services.TestAuthService" name="test_login_inactive_user_raises_auth_error" time="0.003" /></testsuite></testsuites>